#-----------------------------------------------------------
# Vivado v2019.1 (64-bit)
# SW Build 2552052 on Fri May 24 14:49:42 MDT 2019
# IP Build 2548770 on Fri May 24 18:01:18 MDT 2019
# Start of session at: Tue Apr 28 12:36:34 2020
# Process ID: 127556
# Current directory: D:/Documents/School/CMPE 140/CMPE140Labs/Lab8Extra/Code/Lab_8
# Command line: vivado.exe -gui_launcher_event rodinguilauncherevent128472 D:\Documents\School\CMPE 140\CMPE140Labs\Lab8Extra\Code\Lab_8\Lab_8.xpr
# Log file: D:/Documents/School/CMPE 140/CMPE140Labs/Lab8Extra/Code/Lab_8/vivado.log
# Journal file: D:/Documents/School/CMPE 140/CMPE140Labs/Lab8Extra/Code/Lab_8\vivado.jou
#-----------------------------------------------------------
start_gui
open_project {D:/Documents/School/CMPE 140/CMPE140Labs/Lab8Extra/Code/Lab_8/Lab_8.xpr}
update_compile_order -fileset sources_1
launch_simulation
source tb_mips_top.tcl
close_sim
update_compile_order -fileset sources_1
update_compile_order -fileset sources_1
synth_design -rtl -name rtl_1
synth_design -rtl -name rtl_1
refresh_design
update_compile_order -fileset sources_1
update_compile_order -fileset sources_1
launch_simulation
source tb_mips_top.tcl
relaunch_sim
relaunch_sim
relaunch_sim
relaunch_sim
relaunch_sim
relaunch_sim
refresh_design
relaunch_sim
relaunch_sim
relaunch_sim
relaunch_sim
relaunch_sim
relaunch_sim
close_sim
refresh_design
launch_simulation
source tb_mips_top.tcl
relaunch_sim
relaunch_sim
relaunch_sim
relaunch_sim
current_wave_config {Untitled 3}
add_wave {{/tb_mips_top/DUT/mips/dp/pc_jmp_mux}} 
relaunch_sim
relaunch_sim
relaunch_sim
relaunch_sim
relaunch_sim
relaunch_sim
relaunch_sim
relaunch_sim
current_wave_config {Untitled 3}
add_wave {{/tb_mips_top/DUT/mips/dp/pc_plus_4}} 
relaunch_sim
relaunch_sim
relaunch_sim
relaunch_sim
relaunch_sim
relaunch_sim
relaunch_sim
relaunch_sim
relaunch_sim
relaunch_sim
close_sim
